0dBFS level = 32768.0
--Csound version 6.14 (double samples) 2020-11-20
[commit: none]
libsndfile-1.0.31
UnifiedCSD:  /home/faddy/studio/music/library/mafishRahma/MafishRahma.csd
STARTING FILE
Creating options
Creating orchestra
closing tag
Creating score
rtaudio: ALSA module enabled
rtmidi: ALSA Raw MIDI module enabled
instr output uses instrument number 7
instr loopback uses instrument number 8
Elapsed time at end of orchestra compile: real: 0.025s, CPU: 0.025s
sorting score ...
Warp_factor = 4.000000
swrite: output, sect1 line2 p5 makes illegal reference to pp4   Zero substituted
swrite: output, sect1 line2 p8 makes illegal reference to pp7   Zero substituted
swrite: output, sect1 line2 p11 makes illegal reference to pp10   Zero substituted
swrite: output, sect1 line2 p14 makes illegal reference to pp13   Zero substituted
swrite: output, sect1 line2 p17 makes illegal reference to pp16   Zero substituted
swrite: output, sect1 line2 p20 makes illegal reference to pp19   Zero substituted
swrite: output, sect1 line2 p23 makes illegal reference to pp22   Zero substituted
swrite: output, sect1 line2 p26 makes illegal reference to pp25   Zero substituted
swrite: output, sect1 line2 p29 makes illegal reference to pp28   Zero substituted
swrite: output, sect1 line2 p32 makes illegal reference to pp31   Zero substituted
swrite: output, sect1 line2 p35 makes illegal reference to pp34   Zero substituted
swrite: output, sect1 line2 p38 makes illegal reference to pp37   Zero substituted
swrite: output, sect1 line2 p41 makes illegal reference to pp40   Zero substituted
swrite: output, sect1 line2 p44 makes illegal reference to pp43   Zero substituted
swrite: output, sect1 line2 p47 makes illegal reference to pp46   Zero substituted
swrite: output, sect1 line2 p50 makes illegal reference to pp49   Zero substituted
swrite: output, sect1 line2 p53 makes illegal reference to pp52   Zero substituted
swrite: output, sect1 line2 p56 makes illegal reference to pp55   Zero substituted
swrite: output, sect1 line3 p5 makes illegal reference to pp4   Zero substituted
swrite: output, sect1 line3 p8 makes illegal reference to pp7   Zero substituted
swrite: output, sect1 line3 p11 makes illegal reference to pp10   Zero substituted
swrite: output, sect1 line3 p14 makes illegal reference to pp13   Zero substituted
swrite: output, sect1 line3 p17 makes illegal reference to pp16   Zero substituted
swrite: output, sect1 line3 p20 makes illegal reference to pp19   Zero substituted
swrite: output, sect1 line3 p23 makes illegal reference to pp22   Zero substituted
swrite: output, sect1 line3 p26 makes illegal reference to pp25   Zero substituted
swrite: output, sect1 line3 p29 makes illegal reference to pp28   Zero substituted
swrite: output, sect1 line3 p32 makes illegal reference to pp31   Zero substituted
swrite: output, sect1 line3 p35 makes illegal reference to pp34   Zero substituted
swrite: output, sect1 line3 p38 makes illegal reference to pp37   Zero substituted
swrite: output, sect1 line3 p41 makes illegal reference to pp40   Zero substituted
swrite: output, sect1 line3 p44 makes illegal reference to pp43   Zero substituted
swrite: output, sect1 line3 p47 makes illegal reference to pp46   Zero substituted
swrite: output, sect1 line3 p50 makes illegal reference to pp49   Zero substituted
swrite: output, sect1 line3 p53 makes illegal reference to pp52   Zero substituted
swrite: output, sect1 line3 p56 makes illegal reference to pp55   Zero substituted
swrite: output, sect1 line4 p5 makes illegal reference to pp4   Zero substituted
swrite: output, sect1 line4 p8 makes illegal reference to pp7   Zero substituted
swrite: output, sect1 line4 p11 makes illegal reference to pp10   Zero substituted
swrite: output, sect1 line4 p14 makes illegal reference to pp13   Zero substituted
swrite: output, sect1 line4 p17 makes illegal reference to pp16   Zero substituted
swrite: output, sect1 line4 p20 makes illegal reference to pp19   Zero substituted
swrite: output, sect1 line4 p23 makes illegal reference to pp22   Zero substituted
swrite: output, sect1 line4 p26 makes illegal reference to pp25   Zero substituted
swrite: output, sect1 line4 p29 makes illegal reference to pp28   Zero substituted
swrite: output, sect1 line4 p32 makes illegal reference to pp31   Zero substituted
swrite: output, sect1 line4 p35 makes illegal reference to pp34   Zero substituted
swrite: output, sect1 line4 p38 makes illegal reference to pp37   Zero substituted
swrite: output, sect1 line4 p41 makes illegal reference to pp40   Zero substituted
swrite: output, sect1 line4 p44 makes illegal reference to pp43   Zero substituted
swrite: output, sect1 line4 p47 makes illegal reference to pp46   Zero substituted
swrite: output, sect1 line4 p50 makes illegal reference to pp49   Zero substituted
swrite: output, sect1 line4 p53 makes illegal reference to pp52   Zero substituted
swrite: output, sect1 line4 p56 makes illegal reference to pp55   Zero substituted
swrite: output, sect1 line5 p5 makes illegal reference to pp4   Zero substituted
swrite: output, sect1 line5 p8 makes illegal reference to pp7   Zero substituted
swrite: output, sect1 line5 p11 makes illegal reference to pp10   Zero substituted
swrite: output, sect1 line5 p14 makes illegal reference to pp13   Zero substituted
swrite: output, sect1 line5 p17 makes illegal reference to pp16   Zero substituted
swrite: output, sect1 line5 p20 makes illegal reference to pp19   Zero substituted
swrite: output, sect1 line5 p23 makes illegal reference to pp22   Zero substituted
swrite: output, sect1 line5 p26 makes illegal reference to pp25   Zero substituted
swrite: output, sect1 line5 p29 makes illegal reference to pp28   Zero substituted
swrite: output, sect1 line5 p32 makes illegal reference to pp31   Zero substituted
swrite: output, sect1 line5 p35 makes illegal reference to pp34   Zero substituted
swrite: output, sect1 line5 p38 makes illegal reference to pp37   Zero substituted
swrite: output, sect1 line5 p41 makes illegal reference to pp40   Zero substituted
swrite: output, sect1 line5 p44 makes illegal reference to pp43   Zero substituted
swrite: output, sect1 line5 p47 makes illegal reference to pp46   Zero substituted
swrite: output, sect1 line5 p50 makes illegal reference to pp49   Zero substituted
swrite: output, sect1 line5 p53 makes illegal reference to pp52   Zero substituted
swrite: output, sect1 line5 p56 makes illegal reference to pp55   Zero substituted
	... done
Elapsed time at end of score sort: real: 0.162s, CPU: 0.162s
graphics suppressed, ascii substituted
0dBFS level = 1.0
orch now loaded
audio buffered in 256 sample-frame blocks
ALSA: -B 1024 not allowed on this device; using 2048 instead
ALSA: -b 256 not allowed on this device; using 1024 instead
ALSA output: total buffer size: 2048, period size: 1024
writing 512 sample blks of 64-bit floats to dac
SECTION 1:
new alloc for instr 3:
new alloc for instr 3:
new alloc for instr 6:
new alloc for instr 6:
new alloc for instr output:
B  0.000 ..  0.250 T  0.125 TT  0.125 M:  0.61510  0.61510
B  0.250 ..  0.500 T  0.251 TT  0.251 M:  0.28027  0.28027
B  0.500 ..  0.750 T  0.375 TT  0.375 M:  0.58032  0.58032
B  0.750 ..  1.000 T  0.500 TT  0.500 M:  0.28161  0.28161
B  1.000 ..  1.500 T  0.751 TT  0.751 M:  0.55023  0.55023
B  1.500 ..  2.000 T  1.000 TT  1.000 M:  0.62084  0.62084
B  2.000 ..  2.500 T  1.251 TT  1.251 M:  0.55525  0.55525
B  2.500 ..  3.000 T  1.500 TT  1.500 M:  0.61080  0.61080
B  3.000 ..  3.500 T  1.751 TT  1.751 M:  0.48477  0.48477
B  3.500 ..  4.000 T  2.000 TT  2.000 M:  0.54074  0.54074
B  4.000 ..  4.500 T  2.251 TT  2.251 M:  0.48724  0.48724
B  4.500 ..  5.000 T  2.500 TT  2.500 M:  0.49052  0.49052
B  5.000 ..  5.250 T  2.625 TT  2.625 M:  0.45639  0.45639
B  5.250 ..  5.500 T  2.751 TT  2.751 M:  0.55065  0.55065
B  5.500 ..  5.750 T  2.875 TT  2.875 M:  0.49262  0.49262
B  5.750 ..  6.000 T  3.000 TT  3.000 M:  0.47295  0.47295
B  6.000 ..  6.250 T  3.125 TT  3.125 M:  0.43667  0.43667
B  6.250 ..  6.500 T  3.251 TT  3.251 M:  0.45078  0.45078
B  6.500 ..  6.750 T  3.375 TT  3.375 M:  0.47418  0.47418
B  6.750 ..  7.000 T  3.500 TT  3.500 M:  0.45422  0.45422
B  7.000 ..  7.500 T  3.751 TT  3.751 M:  0.41598  0.41598
B  7.500 ..  8.000 T  4.000 TT  4.000 M:  0.46106  0.46106
B  8.000 ..  8.250 T  4.125 TT  4.125 M:  0.46569  0.46569
B  8.250 ..  8.500 T  4.251 TT  4.251 M:  0.20099  0.20099
B  8.500 ..  8.750 T  4.375 TT  4.375 M:  0.52142  0.52142
B  8.750 ..  9.000 T  4.500 TT  4.500 M:  0.19979  0.19979
B  9.000 ..  9.500 T  4.751 TT  4.751 M:  0.46584  0.46584
B  9.500 .. 10.000 T  5.000 TT  5.000 M:  0.45368  0.45368
B 10.000 .. 10.250 T  5.125 TT  5.125 M:  0.48923  0.48923
B 10.250 .. 10.500 T  5.251 TT  5.251 M:  0.53206  0.53206
B 10.500 .. 10.750 T  5.375 TT  5.375 M:  0.49997  0.49997
inactive allocs returned to freespace
end of score.		   overall amps:  0.62084  0.62084
	   overall samples out of range:        0        0
0 errors in performance
Elapsed time at end of performance: real: 5.597s, CPU: 0.439s
1026 512 sample blks of 64-bit floats written to dac
