0dBFS level = 32768.0
--Csound version 6.14 (double samples) 2020-11-20
[commit: none]
libsndfile-1.0.31
UnifiedCSD:  /home/faddy/studio/music/library/lWadaa/LWadaa.csd
STARTING FILE
Creating options
Creating orchestra
closing tag
Creating score
rtaudio: ALSA module enabled
rtmidi: ALSA Raw MIDI module enabled
instr output uses instrument number 8
instr loopback uses instrument number 9
Elapsed time at end of orchestra compile: real: 0.006s, CPU: 0.006s
sorting score ...
Warp_factor = 4.000000
swrite: output, sect1 line2 p5 makes illegal reference to pp4   Zero substituted
swrite: output, sect1 line2 p8 makes illegal reference to pp7   Zero substituted
swrite: output, sect1 line2 p11 makes illegal reference to pp10   Zero substituted
swrite: output, sect1 line2 p14 makes illegal reference to pp13   Zero substituted
swrite: output, sect1 line2 p17 makes illegal reference to pp16   Zero substituted
swrite: output, sect1 line2 p20 makes illegal reference to pp19   Zero substituted
swrite: output, sect1 line2 p23 makes illegal reference to pp22   Zero substituted
swrite: output, sect1 line2 p26 makes illegal reference to pp25   Zero substituted
swrite: output, sect1 line2 p29 makes illegal reference to pp28   Zero substituted
swrite: output, sect1 line2 p32 makes illegal reference to pp31   Zero substituted
swrite: output, sect1 line2 p35 makes illegal reference to pp34   Zero substituted
swrite: output, sect1 line2 p38 makes illegal reference to pp37   Zero substituted
swrite: output, sect1 line2 p41 makes illegal reference to pp40   Zero substituted
swrite: output, sect1 line2 p44 makes illegal reference to pp43   Zero substituted
swrite: output, sect1 line2 p47 makes illegal reference to pp46   Zero substituted
swrite: output, sect1 line2 p50 makes illegal reference to pp49   Zero substituted
swrite: output, sect1 line2 p53 makes illegal reference to pp52   Zero substituted
swrite: output, sect1 line21 p5 makes illegal reference to pp4   Zero substituted
swrite: output, sect1 line21 p8 makes illegal reference to pp7   Zero substituted
swrite: output, sect1 line21 p11 makes illegal reference to pp10   Zero substituted
swrite: output, sect1 line21 p14 makes illegal reference to pp13   Zero substituted
swrite: output, sect1 line21 p17 makes illegal reference to pp16   Zero substituted
swrite: output, sect1 line21 p20 makes illegal reference to pp19   Zero substituted
swrite: output, sect1 line21 p23 makes illegal reference to pp22   Zero substituted
swrite: output, sect1 line21 p26 makes illegal reference to pp25   Zero substituted
swrite: output, sect1 line21 p29 makes illegal reference to pp28   Zero substituted
swrite: output, sect1 line21 p32 makes illegal reference to pp31   Zero substituted
swrite: output, sect1 line21 p35 makes illegal reference to pp34   Zero substituted
swrite: output, sect1 line21 p38 makes illegal reference to pp37   Zero substituted
swrite: output, sect1 line21 p41 makes illegal reference to pp40   Zero substituted
swrite: output, sect1 line21 p44 makes illegal reference to pp43   Zero substituted
swrite: output, sect1 line21 p47 makes illegal reference to pp46   Zero substituted
swrite: output, sect1 line21 p50 makes illegal reference to pp49   Zero substituted
swrite: output, sect1 line21 p53 makes illegal reference to pp52   Zero substituted
swrite: output, sect1 line22 p5 makes illegal reference to pp4   Zero substituted
swrite: output, sect1 line22 p8 makes illegal reference to pp7   Zero substituted
swrite: output, sect1 line22 p11 makes illegal reference to pp10   Zero substituted
swrite: output, sect1 line22 p14 makes illegal reference to pp13   Zero substituted
swrite: output, sect1 line22 p17 makes illegal reference to pp16   Zero substituted
swrite: output, sect1 line22 p20 makes illegal reference to pp19   Zero substituted
swrite: output, sect1 line22 p23 makes illegal reference to pp22   Zero substituted
swrite: output, sect1 line22 p26 makes illegal reference to pp25   Zero substituted
swrite: output, sect1 line22 p29 makes illegal reference to pp28   Zero substituted
swrite: output, sect1 line22 p32 makes illegal reference to pp31   Zero substituted
swrite: output, sect1 line22 p35 makes illegal reference to pp34   Zero substituted
swrite: output, sect1 line22 p38 makes illegal reference to pp37   Zero substituted
swrite: output, sect1 line22 p41 makes illegal reference to pp40   Zero substituted
swrite: output, sect1 line22 p44 makes illegal reference to pp43   Zero substituted
swrite: output, sect1 line22 p47 makes illegal reference to pp46   Zero substituted
swrite: output, sect1 line22 p50 makes illegal reference to pp49   Zero substituted
swrite: output, sect1 line22 p53 makes illegal reference to pp52   Zero substituted
swrite: output, sect1 line71 p5 makes illegal reference to pp4   Zero substituted
swrite: output, sect1 line71 p8 makes illegal reference to pp7   Zero substituted
swrite: output, sect1 line71 p11 makes illegal reference to pp10   Zero substituted
swrite: output, sect1 line71 p14 makes illegal reference to pp13   Zero substituted
swrite: output, sect1 line71 p17 makes illegal reference to pp16   Zero substituted
swrite: output, sect1 line71 p20 makes illegal reference to pp19   Zero substituted
swrite: output, sect1 line71 p23 makes illegal reference to pp22   Zero substituted
swrite: output, sect1 line71 p26 makes illegal reference to pp25   Zero substituted
swrite: output, sect1 line71 p29 makes illegal reference to pp28   Zero substituted
swrite: output, sect1 line71 p32 makes illegal reference to pp31   Zero substituted
swrite: output, sect1 line71 p35 makes illegal reference to pp34   Zero substituted
swrite: output, sect1 line71 p38 makes illegal reference to pp37   Zero substituted
swrite: output, sect1 line71 p41 makes illegal reference to pp40   Zero substituted
swrite: output, sect1 line71 p44 makes illegal reference to pp43   Zero substituted
swrite: output, sect1 line71 p47 makes illegal reference to pp46   Zero substituted
swrite: output, sect1 line71 p50 makes illegal reference to pp49   Zero substituted
swrite: output, sect1 line71 p53 makes illegal reference to pp52   Zero substituted
swrite: output, sect1 line72 p5 makes illegal reference to pp4   Zero substituted
swrite: output, sect1 line72 p8 makes illegal reference to pp7   Zero substituted
swrite: output, sect1 line72 p11 makes illegal reference to pp10   Zero substituted
swrite: output, sect1 line72 p14 makes illegal reference to pp13   Zero substituted
swrite: output, sect1 line72 p17 makes illegal reference to pp16   Zero substituted
swrite: output, sect1 line72 p20 makes illegal reference to pp19   Zero substituted
swrite: output, sect1 line72 p23 makes illegal reference to pp22   Zero substituted
swrite: output, sect1 line72 p26 makes illegal reference to pp25   Zero substituted
swrite: output, sect1 line72 p29 makes illegal reference to pp28   Zero substituted
swrite: output, sect1 line72 p32 makes illegal reference to pp31   Zero substituted
swrite: output, sect1 line72 p35 makes illegal reference to pp34   Zero substituted
swrite: output, sect1 line72 p38 makes illegal reference to pp37   Zero substituted
swrite: output, sect1 line72 p41 makes illegal reference to pp40   Zero substituted
swrite: output, sect1 line72 p44 makes illegal reference to pp43   Zero substituted
swrite: output, sect1 line72 p47 makes illegal reference to pp46   Zero substituted
swrite: output, sect1 line72 p50 makes illegal reference to pp49   Zero substituted
swrite: output, sect1 line72 p53 makes illegal reference to pp52   Zero substituted
swrite: output, sect1 line199 p5 makes illegal reference to pp4   Zero substituted
swrite: output, sect1 line199 p8 makes illegal reference to pp7   Zero substituted
swrite: output, sect1 line199 p11 makes illegal reference to pp10   Zero substituted
swrite: output, sect1 line199 p14 makes illegal reference to pp13   Zero substituted
swrite: output, sect1 line199 p17 makes illegal reference to pp16   Zero substituted
swrite: output, sect1 line199 p20 makes illegal reference to pp19   Zero substituted
swrite: output, sect1 line199 p23 makes illegal reference to pp22   Zero substituted
swrite: output, sect1 line199 p26 makes illegal reference to pp25   Zero substituted
swrite: output, sect1 line199 p29 makes illegal reference to pp28   Zero substituted
swrite: output, sect1 line199 p32 makes illegal reference to pp31   Zero substituted
swrite: output, sect1 line199 p35 makes illegal reference to pp34   Zero substituted
swrite: output, sect1 line199 p38 makes illegal reference to pp37   Zero substituted
swrite: output, sect1 line199 p41 makes illegal reference to pp40   Zero substituted
swrite: output, sect1 line199 p44 makes illegal reference to pp43   Zero substituted
swrite: output, sect1 line199 p47 makes illegal reference to pp46   Zero substituted
swrite: output, sect1 line199 p50 makes illegal reference to pp49   Zero substituted
swrite: output, sect1 line199 p53 makes illegal reference to pp52   Zero substituted
	... done
Elapsed time at end of score sort: real: 0.014s, CPU: 0.014s
graphics suppressed, ascii substituted
0dBFS level = 1.0
orch now loaded
audio buffered in 256 sample-frame blocks
ALSA: -B 1024 not allowed on this device; using 2048 instead
ALSA: -b 256 not allowed on this device; using 1024 instead
ALSA output: total buffer size: 2048, period size: 1024
writing 512 sample blks of 64-bit floats to dac
SECTION 1:
new alloc for instr 6:
new alloc for instr output:
B  0.000 ..  0.500 T  0.364 TT  0.364 M:  0.48496  0.48496
B  0.500 ..  1.000 T  0.727 TT  0.727 M:  0.47744  0.47744
B  1.000 ..  1.500 T  1.091 TT  1.091 M:  0.44062  0.44062
B  1.500 ..  2.000 T  1.455 TT  1.455 M:  0.43106  0.43106
B  2.000 ..  2.500 T  1.819 TT  1.819 M:  0.40582  0.40582
B  2.500 ..  3.000 T  2.181 TT  2.181 M:  0.38241  0.38241
B  3.000 ..  3.500 T  2.545 TT  2.545 M:  0.37360  0.37360
B  3.500 ..  4.000 T  2.909 TT  2.909 M:  0.35186  0.35186
B  4.000 ..  4.500 T  3.273 TT  3.273 M:  0.35178  0.35178
B  4.500 ..  5.000 T  3.636 TT  3.636 M:  0.37383  0.37383
B  5.000 ..  5.500 T  4.000 TT  4.000 M:  0.38223  0.38223
B  5.500 ..  6.000 T  4.364 TT  4.364 M:  0.40615  0.40615
B  6.000 ..  6.500 T  4.727 TT  4.727 M:  0.43053  0.43053
B  6.500 ..  7.000 T  5.091 TT  5.091 M:  0.44069  0.44069
B  7.000 ..  7.500 T  5.455 TT  5.455 M:  0.47736  0.47736
B  7.500 ..  8.000 T  5.819 TT  5.819 M:  0.48562  0.48562
B  8.000 .. 10.000 T  7.273 TT  7.273 M:  0.48751  0.48751
new alloc for instr 7:
new alloc for instr 7:
B 10.000 .. 10.500 T  7.636 TT  7.636 M:  0.75465  0.75465
B 10.500 .. 11.000 T  8.000 TT  8.000 M:  0.64224  0.64224
B 11.000 .. 11.500 T  8.364 TT  8.364 M:  0.63313  0.63313
B 11.500 .. 12.000 T  8.727 TT  8.727 M:  0.68803  0.68803
B 12.000 .. 12.500 T  9.091 TT  9.091 M:  0.64315  0.64315
B 12.500 .. 13.000 T  9.455 TT  9.455 M:  0.63410  0.63410
B 13.000 .. 13.500 T  9.819 TT  9.819 M:  0.62211  0.62211
B 13.500 .. 14.000 T 10.181 TT 10.181 M:  0.60008  0.60008
B 14.000 .. 14.500 T 10.545 TT 10.545 M:  0.60949  0.60949
B 14.500 .. 15.000 T 10.909 TT 10.909 M:  0.62186  0.62186
B 15.000 .. 15.500 T 11.273 TT 11.273 M:  0.63050  0.63050
B 15.500 .. 16.000 T 11.636 TT 11.636 M:  0.64782  0.64782
B 16.000 .. 16.500 T 12.000 TT 12.000 M:  0.67915  0.67915
B 16.500 .. 17.000 T 12.364 TT 12.364 M:  0.65135  0.65135
B 17.000 .. 17.500 T 12.727 TT 12.727 M:  0.65227  0.65227
B 17.500 .. 18.000 T 13.091 TT 13.091 M:  0.73485  0.73485
B 18.000 .. 20.000 T 14.545 TT 14.545 M:  0.81663  0.81663
B 20.000 .. 21.000 T 15.273 TT 15.273 M:  0.71298  0.71298
B 21.000 .. 22.000 T 16.000 TT 16.000 M:  0.67220  0.67220
B 22.000 .. 23.000 T 16.727 TT 16.727 M:  0.63682  0.63682
B 23.000 .. 24.000 T 17.455 TT 17.455 M:  0.58592  0.58592
new alloc for instr 7:
B 24.000 .. 24.750 T 18.000 TT 18.000 M:  0.95583  0.95583
B 24.750 .. 25.000 T 18.181 TT 18.181 M:  0.51244  0.51244
B 25.000 .. 25.500 T 18.545 TT 18.545 M:  0.67765  0.67765
B 25.500 .. 26.000 T 18.909 TT 18.909 M:  0.51534  0.51534
B 26.000 .. 27.000 T 19.636 TT 19.636 M:  0.84163  0.84163
B 27.000 .. 28.000 T 20.364 TT 20.364 M:  0.76866  0.76866
B 28.000 .. 28.500 T 20.727 TT 20.727 M:  0.95628  0.95628
new alloc for instr 6:
B 28.500 .. 28.750 T 20.909 TT 20.909 M:  0.42983  0.42983
B 28.750 .. 29.000 T 21.091 TT 21.091 M:  0.73439  0.73439
B 29.000 .. 29.250 T 21.273 TT 21.273 M:  0.85675  0.85675
B 29.250 .. 29.500 T 21.455 TT 21.455 M:  0.43292  0.43292
B 29.500 .. 30.000 T 21.819 TT 21.819 M:  0.72500  0.72500
B 30.000 .. 30.500 T 22.181 TT 22.181 M:  0.87489  0.87489
B 30.500 .. 31.000 T 22.545 TT 22.545 M:  0.43818  0.43818
B 31.000 .. 31.250 T 22.727 TT 22.727 M:  0.82544  0.82544
B 31.250 .. 31.500 T 22.909 TT 22.909 M:  0.50632  0.50632
B 31.500 .. 32.000 T 23.273 TT 23.273 M:  0.48785  0.48785
B 32.000 .. 32.500 T 23.636 TT 23.636 M:  0.99277  0.99277
B 32.500 .. 32.750 T 23.819 TT 23.819 M:  0.48541  0.48541
B 32.750 .. 33.000 T 24.000 TT 24.000 M:  0.49297  0.49297
B 33.000 .. 33.500 T 24.364 TT 24.364 M:  0.74762  0.74762
B 33.500 .. 33.750 T 24.545 TT 24.545 M:  0.69728  0.69728
B 33.750 .. 34.000 T 24.727 TT 24.727 M:  0.52999  0.52999
B 34.000 .. 34.250 T 24.909 TT 24.909 M:  0.89999  0.89999
B 34.250 .. 34.500 T 25.091 TT 25.091 M:  0.55892  0.55892
B 34.500 .. 35.000 T 25.455 TT 25.455 M:  0.48712  0.48712
B 35.000 .. 35.500 T 25.819 TT 25.819 M:  0.80485  0.80485
B 35.500 .. 35.750 T 26.000 TT 26.000 M:  0.44366  0.44366
B 35.750 .. 36.000 T 26.181 TT 26.181 M:  0.44055  0.44055
B 36.000 .. 36.250 T 26.364 TT 26.364 M:  0.99881  0.99881
B 36.250 .. 36.500 T 26.545 TT 26.545 M:  0.45870  0.45870
B 36.500 .. 36.750 T 26.727 TT 26.727 M:  0.43044  0.43044
B 36.750 .. 37.000 T 26.909 TT 26.909 M:  0.46889  0.46889
B 37.000 .. 37.250 T 27.091 TT 27.091 M:  0.85969  0.85969
B 37.250 .. 37.500 T 27.273 TT 27.273 M:  0.44208  0.44208
B 37.500 .. 37.750 T 27.455 TT 27.455 M:  0.74063  0.74063
B 37.750 .. 38.000 T 27.636 TT 27.636 M:  0.43431  0.43431
B 38.000 .. 38.500 T 28.000 TT 28.000 M:  0.87423  0.87423
B 38.500 .. 39.000 T 28.364 TT 28.364 M:  0.43140  0.43140
B 39.000 .. 39.250 T 28.545 TT 28.545 M:  0.82884  0.82884
B 39.250 .. 39.500 T 28.727 TT 28.727 M:  0.47828  0.47828
B 39.500 .. 39.750 T 28.909 TT 28.909 M:  0.43088  0.43088
B 39.750 .. 40.000 T 29.091 TT 29.091 M:  0.43271  0.43271
B 40.000 .. 40.750 T 29.636 TT 29.636 M:  0.97380  0.97380
B 40.750 .. 41.000 T 29.819 TT 29.819 M:  0.51436  0.51436
B 41.000 .. 41.500 T 30.181 TT 30.181 M:  0.73663  0.73663
B 41.500 .. 42.000 T 30.545 TT 30.545 M:  0.59169  0.59169
B 42.000 .. 42.500 T 30.909 TT 30.909 M:  0.84343  0.84343
B 42.500 .. 42.750 T 31.091 TT 31.091 M:  0.34261  0.34261
B 42.750 .. 43.000 T 31.273 TT 31.273 M:  0.34429  0.34429
B 43.000 .. 43.500 T 31.636 TT 31.636 M:  0.76958  0.76958
B 43.500 .. 43.750 T 31.819 TT 31.819 M:  0.30974  0.30974
B 43.750 .. 44.000 T 32.000 TT 32.000 M:  0.31009  0.31009
B 44.000 .. 44.500 T 32.364 TT 32.364 M:  0.95523  0.95523
B 44.500 .. 44.750 T 32.545 TT 32.545 M:  0.40654  0.40654
B 44.750 .. 45.000 T 32.727 TT 32.727 M:  0.43578  0.43578
B 45.000 .. 45.250 T 32.909 TT 32.909 M:  0.84680  0.84680
B 45.250 .. 45.500 T 33.091 TT 33.091 M:  0.40478  0.40478
B 45.500 .. 45.750 T 33.273 TT 33.273 M:  0.73991  0.73991
B 45.750 .. 46.000 T 33.455 TT 33.455 M:  0.42856  0.42856
B 46.000 .. 46.500 T 33.819 TT 33.819 M:  0.87546  0.87546
B 46.500 .. 47.000 T 34.181 TT 34.181 M:  0.44056  0.44056
B 47.000 .. 47.250 T 34.364 TT 34.364 M:  0.82651  0.82651
B 47.250 .. 47.500 T 34.545 TT 34.545 M:  0.49747  0.49747
B 47.500 .. 47.750 T 34.727 TT 34.727 M:  0.47869  0.47869
B 47.750 .. 48.000 T 34.909 TT 34.909 M:  0.48269  0.48269
B 48.000 .. 48.500 T 35.273 TT 35.273 M:  0.99216  0.99216
B 48.500 .. 48.750 T 35.455 TT 35.455 M:  0.48407  0.48407
B 48.750 .. 49.000 T 35.636 TT 35.636 M:  0.73363  0.73363
B 49.000 .. 49.500 T 36.000 TT 36.000 M:  0.74610  0.74610
B 49.500 .. 49.750 T 36.181 TT 36.181 M:  0.70961  0.70961
B 49.750 .. 50.000 T 36.364 TT 36.364 M:  0.52846  0.52846
B 50.000 .. 50.500 T 36.727 TT 36.727 M:  0.87405  0.87405
B 50.500 .. 50.750 T 36.909 TT 36.909 M:  0.49169  0.49169
B 50.750 .. 51.000 T 37.091 TT 37.091 M:  0.48367  0.48367
B 51.000 .. 51.500 T 37.455 TT 37.455 M:  0.79850  0.79850
B 51.500 .. 52.000 T 37.819 TT 37.819 M:  0.44118  0.44118
B 52.000 .. 52.500 T 38.181 TT 38.181 M:  0.99045  0.99045
B 52.500 .. 52.750 T 38.364 TT 38.364 M:  0.43036  0.43036
B 52.750 .. 53.000 T 38.545 TT 38.545 M:  0.72646  0.72646
B 53.000 .. 53.500 T 38.909 TT 38.909 M:  0.78706  0.78706
B 53.500 .. 54.000 T 39.273 TT 39.273 M:  0.64244  0.64244
B 54.000 .. 54.250 T 39.455 TT 39.455 M:  0.89924  0.89924
B 54.250 .. 54.500 T 39.636 TT 39.636 M:  0.43616  0.43616
B 54.500 .. 54.750 T 39.819 TT 39.819 M:  0.42602  0.42602
B 54.750 .. 55.000 T 40.000 TT 40.000 M:  0.43090  0.43090
B 55.000 .. 55.500 T 40.364 TT 40.364 M:  0.83877  0.83877
B 55.500 .. 56.000 T 40.727 TT 40.727 M:  0.43231  0.43231
B 56.000 .. 56.750 T 41.273 TT 41.273 M:  0.97539  0.97539
B 56.750 .. 57.000 T 41.455 TT 41.455 M:  0.53223  0.53223
B 57.000 .. 57.500 T 41.819 TT 41.819 M:  0.78973  0.78973
B 57.500 .. 58.000 T 42.181 TT 42.181 M:  0.68217  0.68217
B 58.000 .. 58.500 T 42.545 TT 42.545 M:  0.84311  0.84311
B 58.500 .. 58.750 T 42.727 TT 42.727 M:  0.34377  0.34377
B 58.750 .. 59.000 T 42.909 TT 42.909 M:  0.34432  0.34432
B 59.000 .. 59.250 T 43.091 TT 43.091 M:  0.77147  0.77147
B 59.250 .. 59.500 T 43.273 TT 43.273 M:  0.35798  0.35798
B 59.500 .. 60.000 T 43.636 TT 43.636 M:  0.31251  0.31251
B 60.000 .. 60.500 T 44.000 TT 44.000 M:  0.95548  0.95548
B 60.500 .. 60.750 T 44.181 TT 44.181 M:  0.37386  0.37386
B 60.750 .. 61.000 T 44.364 TT 44.364 M:  0.59170  0.59170
B 61.000 .. 61.500 T 44.727 TT 44.727 M:  0.77120  0.77120
B 61.500 .. 62.000 T 45.091 TT 45.091 M:  0.60676  0.60676
B 62.000 .. 62.250 T 45.273 TT 45.273 M:  0.89126  0.89126
B 62.250 .. 62.500 T 45.455 TT 45.455 M:  0.40260  0.40260
B 62.500 .. 63.000 T 45.819 TT 45.819 M:  0.38220  0.38220
B 63.000 .. 63.250 T 46.000 TT 46.000 M:  0.82516  0.82516
B 63.250 .. 63.500 T 46.181 TT 46.181 M:  0.40080  0.40080
B 63.500 .. 63.750 T 46.364 TT 46.364 M:  0.38498  0.38498
B 63.750 .. 64.000 T 46.545 TT 46.545 M:  0.37998  0.37998
B 64.000 .. 64.500 T 46.909 TT 46.909 M:  0.97676  0.97676
B 64.500 .. 64.750 T 47.091 TT 47.091 M:  0.35199  0.35199
B 64.750 .. 65.000 T 47.273 TT 47.273 M:  0.51925  0.51925
B 65.000 .. 65.500 T 47.636 TT 47.636 M:  0.77467  0.77467
B 65.500 .. 65.750 T 47.819 TT 47.819 M:  0.66785  0.66785
B 65.750 .. 66.000 T 48.000 TT 48.000 M:  0.37539  0.37539
B 66.000 .. 66.500 T 48.364 TT 48.364 M:  0.87366  0.87366
B 66.500 .. 66.750 T 48.545 TT 48.545 M:  0.40504  0.40504
B 66.750 .. 67.000 T 48.727 TT 48.727 M:  0.40724  0.40724
B 67.000 .. 67.500 T 49.091 TT 49.091 M:  0.79964  0.79964
B 67.500 .. 67.750 T 49.273 TT 49.273 M:  0.40507  0.40507
B 67.750 .. 68.000 T 49.455 TT 49.455 M:  0.40697  0.40697
B 68.000 .. 68.250 T 49.636 TT 49.636 M:  0.99912  0.99912
B 68.250 .. 68.500 T 49.819 TT 49.819 M:  0.45301  0.45301
B 68.500 .. 68.750 T 50.000 TT 50.000 M:  0.39816  0.39816
B 68.750 .. 69.000 T 50.181 TT 50.181 M:  0.70210  0.70210
B 69.000 .. 69.250 T 50.364 TT 50.364 M:  0.83860  0.83860
B 69.250 .. 69.500 T 50.545 TT 50.545 M:  0.39653  0.39653
B 69.500 .. 69.750 T 50.727 TT 50.727 M:  0.73306  0.73306
B 69.750 .. 70.000 T 50.909 TT 50.909 M:  0.40918  0.40918
B 70.000 .. 70.500 T 51.273 TT 51.273 M:  0.87526  0.87526
B 70.500 .. 71.000 T 51.636 TT 51.636 M:  0.43396  0.43396
B 71.000 .. 71.500 T 52.000 TT 52.000 M:  0.81847  0.81847
B 71.500 .. 72.000 T 52.364 TT 52.364 M:  0.44207  0.44207
B 72.000 .. 72.500 T 52.727 TT 52.727 M:  0.99188  0.99188
B 72.500 .. 72.750 T 52.909 TT 52.909 M:  0.43078  0.43078
B 72.750 .. 73.000 T 53.091 TT 53.091 M:  0.58067  0.58067
B 73.000 .. 73.250 T 53.273 TT 53.273 M:  0.85613  0.85613
B 73.250 .. 73.500 T 53.455 TT 53.455 M:  0.43264  0.43264
B 73.500 .. 73.750 T 53.636 TT 53.636 M:  0.51845  0.51845
B 73.750 .. 74.000 T 53.819 TT 53.819 M:  0.35142  0.35142
B 74.000 .. 74.500 T 54.181 TT 54.181 M:  0.84290  0.84290
B 74.500 .. 75.000 T 54.545 TT 54.545 M:  0.35189  0.35189
B 75.000 .. 75.250 T 54.727 TT 54.727 M:  0.77128  0.77128
B 75.250 .. 75.500 T 54.909 TT 54.909 M:  0.37866  0.37866
B 75.500 .. 75.750 T 55.091 TT 55.091 M:  0.31666  0.31666
B 75.750 .. 76.000 T 55.273 TT 55.273 M:  0.31689  0.31689
B 76.000 .. 76.250 T 55.455 TT 55.455 M:  0.95674  0.95674
B 76.250 .. 76.500 T 55.636 TT 55.636 M:  0.32406  0.32406
B 76.500 .. 76.750 T 55.819 TT 55.819 M:  0.37417  0.37417
B 76.750 .. 77.000 T 56.000 TT 56.000 M:  0.53970  0.53970
B 77.000 .. 77.500 T 56.364 TT 56.364 M:  0.78506  0.78506
B 77.500 .. 78.000 T 56.727 TT 56.727 M:  0.60941  0.60941
B 78.000 .. 78.500 T 57.091 TT 57.091 M:  0.87138  0.87138
B 78.500 .. 79.000 T 57.455 TT 57.455 M:  0.38359  0.38359
B 79.000 .. 79.250 T 57.636 TT 57.636 M:  0.82479  0.82479
B 79.250 .. 79.500 T 57.819 TT 57.819 M:  0.43427  0.43427
B 79.500 .. 80.000 T 58.181 TT 58.181 M:  0.38209  0.38209
B 80.000 .. 80.500 T 58.545 TT 58.545 M:  0.97737  0.97737
B 80.500 .. 80.750 T 58.727 TT 58.727 M:  0.35205  0.35205
B 80.750 .. 81.000 T 58.909 TT 58.909 M:  0.51081  0.51081
B 81.000 .. 81.250 T 59.091 TT 59.091 M:  0.81560  0.81560
B 81.250 .. 81.500 T 59.273 TT 59.273 M:  0.35135  0.35135
B 81.500 .. 82.000 T 59.636 TT 59.636 M:  0.59515  0.59515
B 82.000 .. 82.500 T 60.000 TT 60.000 M:  0.86732  0.86732
B 82.500 .. 82.750 T 60.181 TT 60.181 M:  0.36133  0.36133
B 82.750 .. 83.000 T 60.364 TT 60.364 M:  0.35822  0.35822
B 83.000 .. 83.500 T 60.727 TT 60.727 M:  0.80012  0.80012
B 83.500 .. 84.000 T 61.091 TT 61.091 M:  0.40819  0.40819
B 84.000 .. 84.500 T 61.455 TT 61.455 M:  0.99055  0.99055
B 84.500 .. 84.750 T 61.636 TT 61.636 M:  0.39773  0.39773
B 84.750 .. 85.000 T 61.819 TT 61.819 M:  0.54908  0.54908
B 85.000 .. 85.250 T 62.000 TT 62.000 M:  0.84130  0.84130
B 85.250 .. 85.500 T 62.181 TT 62.181 M:  0.39633  0.39633
B 85.500 .. 86.000 T 62.545 TT 62.545 M:  0.66592  0.66592
B 86.000 .. 86.500 T 62.909 TT 62.909 M:  0.87524  0.87524
B 86.500 .. 87.000 T 63.273 TT 63.273 M:  0.42968  0.42968
B 87.000 .. 87.500 T 63.636 TT 63.636 M:  0.80009  0.80009
B 87.500 .. 88.000 T 64.000 TT 64.000 M:  0.43325  0.43325
B 88.000 .. 88.500 T 64.364 TT 64.364 M:  0.98588  0.98588
B 88.500 .. 88.750 T 64.545 TT 64.545 M:  0.37425  0.37425
B 88.750 .. 89.000 T 64.727 TT 64.727 M:  0.59232  0.59232
B 89.000 .. 89.250 T 64.909 TT 64.909 M:  0.82860  0.82860
B 89.250 .. 89.500 T 65.091 TT 65.091 M:  0.37374  0.37374
B 89.500 .. 89.750 T 65.273 TT 65.273 M:  0.64794  0.64794
B 89.750 .. 90.000 T 65.455 TT 65.455 M:  0.35531  0.35531
B 90.000 .. 90.500 T 65.819 TT 65.819 M:  0.87413  0.87413
B 90.500 .. 90.750 T 66.000 TT 66.000 M:  0.40250  0.40250
B 90.750 .. 91.000 T 66.181 TT 66.181 M:  0.40697  0.40697
B 91.000 .. 91.500 T 66.545 TT 66.545 M:  0.80081  0.80081
B 91.500 .. 91.750 T 66.727 TT 66.727 M:  0.40511  0.40511
B 91.750 .. 92.000 T 66.909 TT 66.909 M:  0.40579  0.40579
B 92.000 .. 92.500 T 67.273 TT 67.273 M:  0.99093  0.99093
B 92.500 .. 92.750 T 67.455 TT 67.455 M:  0.42997  0.42997
B 92.750 .. 93.000 T 67.636 TT 67.636 M:  0.46006  0.46006
B 93.000 .. 93.500 T 68.000 TT 68.000 M:  0.69118  0.69118
B 93.500 .. 94.000 T 68.364 TT 68.364 M:  0.53083  0.53083
B 94.000 .. 95.000 T 69.091 TT 69.091 M:  0.86814  0.86814
B 95.000 .. 96.000 T 69.819 TT 69.819 M:  0.80389  0.80389
B 96.000 .. 96.750 T 70.364 TT 70.364 M:  0.97414  0.97414
B 96.750 .. 97.000 T 70.545 TT 70.545 M:  0.49497  0.49497
B 97.000 .. 97.500 T 70.909 TT 70.909 M:  0.78652  0.78652
B 97.500 .. 97.750 T 71.091 TT 71.091 M:  0.51847  0.51847
B 97.750 .. 98.000 T 71.273 TT 71.273 M:  0.35210  0.35210
B 98.000 .. 98.250 T 71.455 TT 71.455 M:  0.84508  0.84508
B 98.250 .. 98.500 T 71.636 TT 71.636 M:  0.36084  0.36084
B 98.500 .. 98.750 T 71.819 TT 71.819 M:  0.35191  0.35191
B 98.750 .. 99.000 T 72.000 TT 72.000 M:  0.35121  0.35121
B 99.000 .. 99.500 T 72.364 TT 72.364 M:  0.77024  0.77024
B 99.500 ..100.000 T 72.727 TT 72.727 M:  0.31928  0.31928
B100.000 ..100.500 T 73.091 TT 73.091 M:  0.95584  0.95584
B100.500 ..100.750 T 73.273 TT 73.273 M:  0.31042  0.31042
B100.750 ..101.000 T 73.455 TT 73.455 M:  0.47368  0.47368
B101.000 ..101.500 T 73.819 TT 73.819 M:  0.68903  0.68903
B101.500 ..102.000 T 74.181 TT 74.181 M:  0.51478  0.51478
B102.000 ..102.500 T 74.545 TT 74.545 M:  0.87466  0.87466
B102.500 ..103.000 T 74.909 TT 74.909 M:  0.47508  0.47508
B103.000 ..103.500 T 75.273 TT 75.273 M:  0.83812  0.83812
B103.500 ..104.000 T 75.636 TT 75.636 M:  0.44164  0.44164
B104.000 ..104.750 T 76.181 TT 76.181 M:  0.97509  0.97509
B104.750 ..105.000 T 76.364 TT 76.364 M:  0.49371  0.49371
B105.000 ..105.500 T 76.727 TT 76.727 M:  0.78778  0.78778
B105.500 ..105.750 T 76.909 TT 76.909 M:  0.51093  0.51093
B105.750 ..106.000 T 77.091 TT 77.091 M:  0.29217  0.29217
B106.000 ..106.500 T 77.455 TT 77.455 M:  0.84346  0.84346
B106.500 ..107.000 T 77.819 TT 77.819 M:  0.31861  0.31861
B107.000 ..107.500 T 78.181 TT 78.181 M:  0.76983  0.76983
B107.500 ..107.750 T 78.364 TT 78.364 M:  0.29185  0.29185
B107.750 ..108.000 T 78.545 TT 78.545 M:  0.29117  0.29117
B108.000 ..108.750 T 79.091 TT 79.091 M:  0.95551  0.95551
B108.750 ..109.000 T 79.273 TT 79.273 M:  0.51196  0.51196
B109.000 ..109.250 T 79.455 TT 79.455 M:  0.84391  0.84391
B109.250 ..109.500 T 79.636 TT 79.636 M:  0.40456  0.40456
B109.500 ..110.000 T 80.000 TT 80.000 M:  0.69127  0.69127
B110.000 ..111.000 T 80.727 TT 80.727 M:  0.85777  0.85777
B111.000 ..111.250 T 80.909 TT 80.909 M:  0.82784  0.82784
B111.250 ..111.500 T 81.091 TT 81.091 M:  0.43309  0.43309
B111.500 ..112.000 T 81.455 TT 81.455 M:  0.40732  0.40732
B112.000 ..112.750 T 82.000 TT 82.000 M:  0.97272  0.97272
B112.750 ..113.000 T 82.181 TT 82.181 M:  0.48474  0.48474
B113.000 ..113.500 T 82.545 TT 82.545 M:  0.78446  0.78446
B113.500 ..114.000 T 82.909 TT 82.909 M:  0.71474  0.71474
B114.000 ..115.000 T 83.636 TT 83.636 M:  0.85942  0.85942
B115.000 ..115.250 T 83.819 TT 83.819 M:  0.77086  0.77086
B115.250 ..115.500 T 84.000 TT 84.000 M:  0.37932  0.37932
B115.500 ..116.000 T 84.364 TT 84.364 M:  0.35280  0.35280
B116.000 ..116.750 T 84.909 TT 84.909 M:  0.95626  0.95626
B116.750 ..117.000 T 85.091 TT 85.091 M:  0.51160  0.51160
B117.000 ..117.250 T 85.273 TT 85.273 M:  0.84126  0.84126
B117.250 ..117.500 T 85.455 TT 85.455 M:  0.40525  0.40525
B117.500 ..117.750 T 85.636 TT 85.636 M:  0.71301  0.71301
B117.750 ..118.000 T 85.819 TT 85.819 M:  0.40013  0.40013
B118.000 ..119.000 T 86.545 TT 86.545 M:  0.85790  0.85790
B119.000 ..119.500 T 86.909 TT 86.909 M:  0.80006  0.80006
B119.500 ..119.750 T 87.091 TT 87.091 M:  0.37545  0.37545
B119.750 ..120.000 T 87.273 TT 87.273 M:  0.37360  0.37360
B120.000 ..120.500 T 87.636 TT 87.636 M:  0.97634  0.97634
B120.500 ..120.750 T 87.819 TT 87.819 M:  0.35333  0.35333
B120.750 ..121.000 T 88.000 TT 88.000 M:  0.52809  0.52809
B121.000 ..121.500 T 88.364 TT 88.364 M:  0.72540  0.72540
B121.500 ..122.000 T 88.727 TT 88.727 M:  0.60940  0.60940
B122.000 ..122.500 T 89.091 TT 89.091 M:  0.87118  0.87118
B122.500 ..123.000 T 89.455 TT 89.455 M:  0.37684  0.37684
B123.000 ..123.500 T 89.819 TT 89.819 M:  0.80094  0.80094
B123.500 ..124.000 T 90.181 TT 90.181 M:  0.40479  0.40479
B124.000 ..124.500 T 90.545 TT 90.545 M:  0.99206  0.99206
B124.500 ..124.750 T 90.727 TT 90.727 M:  0.47689  0.47689
B124.750 ..125.000 T 90.909 TT 90.909 M:  0.51177  0.51177
B125.000 ..125.500 T 91.273 TT 91.273 M:  0.72065  0.72065
B125.500 ..126.000 T 91.636 TT 91.636 M:  0.42342  0.42342
B126.000 ..127.000 T 92.364 TT 92.364 M:  0.85932  0.85932
B127.000 ..127.500 T 92.727 TT 92.727 M:  0.80067  0.80067
B127.500 ..128.000 T 93.091 TT 93.091 M:  0.40848  0.40848
B128.000 ..128.500 T 93.455 TT 93.455 M:  0.98802  0.98802
B128.500 ..128.750 T 93.636 TT 93.636 M:  0.39799  0.39799
B128.750 ..129.000 T 93.819 TT 93.819 M:  0.56640  0.56640
B129.000 ..129.500 T 94.181 TT 94.181 M:  0.73066  0.73066
B129.500 ..130.000 T 94.545 TT 94.545 M:  0.58884  0.58884
B130.000 ..130.500 T 94.909 TT 94.909 M:  0.86699  0.86699
B130.500 ..131.000 T 95.273 TT 95.273 M:  0.34465  0.34465
B131.000 ..131.250 T 95.455 TT 95.455 M:  0.80636  0.80636
B131.250 ..131.500 T 95.636 TT 95.636 M:  0.34960  0.34960
B131.500 ..131.750 T 95.819 TT 95.819 M:  0.34437  0.34437
B131.750 ..132.000 T 96.000 TT 96.000 M:  0.34414  0.34414
B132.000 ..132.500 T 96.364 TT 96.364 M:  0.97742  0.97742
B132.500 ..132.750 T 96.545 TT 96.545 M:  0.35205  0.35205
B132.750 ..133.000 T 96.727 TT 96.727 M:  0.50984  0.50984
B133.000 ..133.500 T 97.091 TT 97.091 M:  0.77411  0.77411
B133.500 ..133.750 T 97.273 TT 97.273 M:  0.66663  0.66663
B133.750 ..134.000 T 97.455 TT 97.455 M:  0.37312  0.37312
B134.000 ..134.250 T 97.636 TT 97.636 M:  0.88192  0.88192
B134.250 ..134.500 T 97.819 TT 97.819 M:  0.39615  0.39615
B134.500 ..135.000 T 98.181 TT 98.181 M:  0.34776  0.34776
B135.000 ..135.250 T 98.364 TT 98.364 M:  0.80617  0.80617
B135.250 ..135.500 T 98.545 TT 98.545 M:  0.35627  0.35627
B135.500 ..135.750 T 98.727 TT 98.727 M:  0.34663  0.34663
B135.750 ..136.000 T 98.909 TT 98.909 M:  0.34434  0.34434
B136.000 ..136.500 T 99.273 TT 99.273 M:  0.97520  0.97520
B136.500 ..136.750 T 99.455 TT 99.455 M:  0.35216  0.35216
B136.750 ..137.000 T 99.636 TT 99.636 M:  0.52788  0.52788
B137.000 ..137.250 T 99.819 TT 99.819 M:  0.81456  0.81456
B137.250 ..137.500 T100.000 TT100.000 M:  0.35136  0.35136
B137.500 ..137.750 T100.181 TT100.181 M:  0.67015  0.67015
B137.750 ..138.000 T100.364 TT100.364 M:  0.37623  0.37623
B138.000 ..138.250 T100.545 TT100.545 M:  0.88152  0.88152
B138.250 ..138.500 T100.727 TT100.727 M:  0.40831  0.40831
B138.500 ..139.000 T101.091 TT101.091 M:  0.34672  0.34672
B139.000 ..139.500 T101.455 TT101.455 M:  0.79127  0.79127
B139.500 ..139.750 T101.636 TT101.636 M:  0.34994  0.34994
B139.750 ..140.000 T101.819 TT101.819 M:  0.34407  0.34407
B140.000 ..140.500 T102.181 TT102.181 M:  0.95144  0.95144
B140.500 ..140.750 T102.364 TT102.364 M:  0.31710  0.31710
B140.750 ..141.000 T102.545 TT102.545 M:  0.51593  0.51593
B141.000 ..141.250 T102.727 TT102.727 M:  0.80931  0.80931
B141.250 ..141.500 T102.909 TT102.909 M:  0.34509  0.34509
B141.500 ..142.000 T103.273 TT103.273 M:  0.61646  0.61646
B142.000 ..143.000 T104.000 TT104.000 M:  0.85565  0.85565
B143.000 ..143.500 T104.364 TT104.364 M:  0.79649  0.79649
B143.500 ..143.750 T104.545 TT104.545 M:  0.35764  0.35764
B143.750 ..144.000 T104.727 TT104.727 M:  0.35110  0.35110
B144.000 ..144.500 T105.091 TT105.091 M:  0.35179  0.35179
B144.500 ..145.000 T105.455 TT105.455 M:  0.35186  0.35186
B145.000 ..148.000 T107.636 TT107.636 M:  0.35217  0.35217
Score finished in csoundPerform().
inactive allocs returned to freespace
end of score.		   overall amps:  0.99912  0.99912
	   overall samples out of range:        0        0
0 errors in performance
Elapsed time at end of performance: real: 108.115s, CPU: 5.046s
20182 512 sample blks of 64-bit floats written to dac
