0dBFS level = 32768.0
--Csound version 6.14 (double samples) 2020-11-20
[commit: none]
libsndfile-1.0.31
UnifiedCSD:  /home/faddy/studio/music/library/amrDiab/HaddeshShaf.csd
STARTING FILE
Creating options
Creating orchestra
closing tag
Creating score
rtaudio: ALSA module enabled
rtmidi: ALSA Raw MIDI module enabled
instr output uses instrument number 6
instr loopback uses instrument number 7
Elapsed time at end of orchestra compile: real: 0.004s, CPU: 0.004s
sorting score ...
Warp_factor = 4.000000
swrite: output, sect1 line2 p5 makes illegal reference to pp4   Zero substituted
swrite: output, sect1 line2 p8 makes illegal reference to pp7   Zero substituted
swrite: output, sect1 line2 p11 makes illegal reference to pp10   Zero substituted
swrite: output, sect1 line2 p14 makes illegal reference to pp13   Zero substituted
swrite: output, sect1 line2 p17 makes illegal reference to pp16   Zero substituted
swrite: output, sect1 line2 p20 makes illegal reference to pp19   Zero substituted
swrite: output, sect1 line2 p23 makes illegal reference to pp22   Zero substituted
swrite: output, sect1 line2 p26 makes illegal reference to pp25   Zero substituted
swrite: output, sect1 line2 p29 makes illegal reference to pp28   Zero substituted
swrite: output, sect1 line2 p32 makes illegal reference to pp31   Zero substituted
swrite: output, sect1 line2 p35 makes illegal reference to pp34   Zero substituted
swrite: output, sect1 line2 p38 makes illegal reference to pp37   Zero substituted
swrite: output, sect1 line2 p41 makes illegal reference to pp40   Zero substituted
swrite: output, sect1 line3 p5 makes illegal reference to pp4   Zero substituted
swrite: output, sect1 line3 p8 makes illegal reference to pp7   Zero substituted
swrite: output, sect1 line3 p11 makes illegal reference to pp10   Zero substituted
swrite: output, sect1 line3 p14 makes illegal reference to pp13   Zero substituted
swrite: output, sect1 line3 p17 makes illegal reference to pp16   Zero substituted
swrite: output, sect1 line3 p20 makes illegal reference to pp19   Zero substituted
swrite: output, sect1 line3 p23 makes illegal reference to pp22   Zero substituted
swrite: output, sect1 line3 p26 makes illegal reference to pp25   Zero substituted
swrite: output, sect1 line3 p29 makes illegal reference to pp28   Zero substituted
swrite: output, sect1 line3 p32 makes illegal reference to pp31   Zero substituted
swrite: output, sect1 line3 p35 makes illegal reference to pp34   Zero substituted
swrite: output, sect1 line3 p38 makes illegal reference to pp37   Zero substituted
swrite: output, sect1 line3 p41 makes illegal reference to pp40   Zero substituted
	... done
Elapsed time at end of score sort: real: 0.008s, CPU: 0.008s
graphics suppressed, ascii substituted
0dBFS level = 1.0
ftable 101:
ftable 101:	4096 points, scalemax 0.500
                                                            ___________________
                                                          .'
                                                        .'
                                                      .'
                                                    .'
                                                  .'
                                                .'
                                              .'
                                            .'
                                          .'
________________________________________.'_____________________________________
                                      .'
                                    .'
                                  .'
                                .'
                              _-
                            _-
                          _-
                        _-
                      _-
_____________________-
ftable 102:
ftable 102:	16384 points, scalemax 1.000
               _--'''''--_
            _-'           '-_
          _-                 -_
         .                     .
       _'                       '_
      -                           -
    _'                             '_
   .                                 .
  -                                   -
_'_____________________________________'________________________________________
                                        '_                                     .
                                          .                                   .
                                           -                                 -
                                            '_                             _'
                                              .                           -
                                               -_                       _'
                                                 .                     -
                                                  '.                 .'
                                                    '._           _-'
                                                       -.._____.-'
ftable 103:
ftable 103:	4096 points, scalemax 0.500
                                                            ___________________
                                                          .'
                                                        .'
                                                      .'
                                                    .'
                                                  .'
                                                .'
                                              .'
                                            .'
                                          .'
________________________________________.'_____________________________________
                                      .'
                                    .'
                                  .'
                                .'
                              _-
                            _-
                          _-
                        _-
                      _-
_____________________-
ftable 104:
ftable 104:	16384 points, scalemax 1.000
               _--'''''--_
            _-'           '-_
          _-                 -_
         .                     .
       _'                       '_
      -                           -
    _'                             '_
   .                                 .
  -                                   -
_'_____________________________________'________________________________________
                                        '_                                     .
                                          .                                   .
                                           -                                 -
                                            '_                             _'
                                              .                           -
                                               -_                       _'
                                                 .                     -
                                                  '.                 .'
                                                    '._           _-'
                                                       -.._____.-'
ftable 105:
ftable 105:	4096 points, scalemax 0.500
                                                            ___________________
                                                          .'
                                                        .'
                                                      .'
                                                    .'
                                                  .'
                                                .'
                                              .'
                                            .'
                                          .'
________________________________________.'_____________________________________
                                      .'
                                    .'
                                  .'
                                .'
                              _-
                            _-
                          _-
                        _-
                      _-
_____________________-
WARNING: redefined table array for waveform 0

WARNING: redefined table array for waveform 1

WARNING: redefined table array for waveform 2

WARNING: redefined table array for waveform 3

WARNING: redefined table array for waveform 4

orch now loaded
audio buffered in 256 sample-frame blocks
ALSA: -B 1024 not allowed on this device; using 2048 instead
ALSA: -b 256 not allowed on this device; using 1024 instead
ALSA output: total buffer size: 2048, period size: 1024
writing 512 sample blks of 64-bit floats to dac
SECTION 1:
new alloc for instr 3:
new alloc for instr 4:
new alloc for instr output:
B  0.000 ..  0.750 T  0.428 TT  0.428 M:  0.54614  0.54614
B  0.750 ..  1.500 T  0.857 TT  0.857 M:  0.45682  0.45682
B  1.500 ..  2.000 T  1.143 TT  1.143 M:  0.40444  0.40444
B  2.000 ..  2.125 T  1.215 TT  1.215 M:  0.45733  0.45733
B  2.125 ..  2.250 T  1.285 TT  1.285 M:  0.36362  0.36362
B  2.250 ..  2.375 T  1.357 TT  1.357 M:  0.39311  0.39311
B  2.375 ..  2.500 T  1.428 TT  1.428 M:  0.35698  0.35698
B  2.500 ..  2.625 T  1.500 TT  1.500 M:  0.26541  0.26541
B  2.625 ..  2.750 T  1.572 TT  1.572 M:  0.29117  0.29117
B  2.750 ..  2.875 T  1.643 TT  1.643 M:  0.48746  0.48746
B  2.875 ..  3.000 T  1.715 TT  1.715 M:  0.34962  0.34962
B  3.000 ..  3.500 T  2.000 TT  2.000 M:  0.55481  0.55481
B  3.500 ..  4.000 T  2.285 TT  2.285 M:  0.49430  0.49430
B  4.000 ..  4.250 T  2.428 TT  2.428 M:  0.47607  0.47607
B  4.250 ..  4.500 T  2.572 TT  2.572 M:  0.42455  0.42455
B  4.500 ..  4.750 T  2.715 TT  2.715 M:  0.40593  0.40593
B  4.750 ..  5.000 T  2.857 TT  2.857 M:  0.42237  0.42237
B  5.000 ..  5.500 T  3.143 TT  3.143 M:  0.38031  0.38031
inactive allocs returned to freespace
end of score.		   overall amps:  0.55481  0.55481
	   overall samples out of range:        0        0
0 errors in performance
Elapsed time at end of performance: real: 3.414s, CPU: 0.225s
639 512 sample blks of 64-bit floats written to dac
