0dBFS level = 32768.0
--Csound version 6.14 (double samples) 2020-11-20
[commit: none]
libsndfile-1.0.31
UnifiedCSD:  /home/faddy/studio/music/example/HaddeshShaf.csd
STARTING FILE
Creating options
Creating orchestra
closing tag
Creating score
rtaudio: ALSA module enabled
rtmidi: ALSA Raw MIDI module enabled
instr electro uses instrument number 3
instr horn uses instrument number 4
instr output uses instrument number 5
instr loopback uses instrument number 6
Elapsed time at end of orchestra compile: real: 0.005s, CPU: 0.005s
sorting score ...
Warp_factor = 4.000000
swrite: output, sect1 line2 p5 makes illegal reference to pp4   Zero substituted
swrite: output, sect1 line2 p8 makes illegal reference to pp7   Zero substituted
swrite: output, sect1 line2 p11 makes illegal reference to pp10   Zero substituted
swrite: output, sect1 line2 p14 makes illegal reference to pp13   Zero substituted
swrite: output, sect1 line2 p17 makes illegal reference to pp16   Zero substituted
swrite: output, sect1 line2 p20 makes illegal reference to pp19   Zero substituted
swrite: output, sect1 line2 p23 makes illegal reference to pp22   Zero substituted
swrite: output, sect1 line2 p26 makes illegal reference to pp25   Zero substituted
swrite: output, sect1 line2 p29 makes illegal reference to pp28   Zero substituted
swrite: output, sect1 line2 p32 makes illegal reference to pp31   Zero substituted
swrite: output, sect1 line2 p35 makes illegal reference to pp34   Zero substituted
swrite: output, sect1 line2 p38 makes illegal reference to pp37   Zero substituted
swrite: output, sect1 line2 p41 makes illegal reference to pp40   Zero substituted
swrite: output, sect1 line4 p5 makes illegal reference to pp4   Zero substituted
swrite: output, sect1 line4 p8 makes illegal reference to pp7   Zero substituted
swrite: output, sect1 line4 p11 makes illegal reference to pp10   Zero substituted
swrite: output, sect1 line4 p14 makes illegal reference to pp13   Zero substituted
swrite: output, sect1 line4 p17 makes illegal reference to pp16   Zero substituted
swrite: output, sect1 line4 p20 makes illegal reference to pp19   Zero substituted
swrite: output, sect1 line4 p23 makes illegal reference to pp22   Zero substituted
swrite: output, sect1 line4 p26 makes illegal reference to pp25   Zero substituted
swrite: output, sect1 line4 p29 makes illegal reference to pp28   Zero substituted
swrite: output, sect1 line4 p32 makes illegal reference to pp31   Zero substituted
swrite: output, sect1 line4 p35 makes illegal reference to pp34   Zero substituted
swrite: output, sect1 line4 p38 makes illegal reference to pp37   Zero substituted
swrite: output, sect1 line4 p41 makes illegal reference to pp40   Zero substituted
swrite: output, sect1 line5 p5 makes illegal reference to pp4   Zero substituted
swrite: output, sect1 line5 p8 makes illegal reference to pp7   Zero substituted
swrite: output, sect1 line5 p11 makes illegal reference to pp10   Zero substituted
swrite: output, sect1 line5 p14 makes illegal reference to pp13   Zero substituted
swrite: output, sect1 line5 p17 makes illegal reference to pp16   Zero substituted
swrite: output, sect1 line5 p20 makes illegal reference to pp19   Zero substituted
swrite: output, sect1 line5 p23 makes illegal reference to pp22   Zero substituted
swrite: output, sect1 line5 p26 makes illegal reference to pp25   Zero substituted
swrite: output, sect1 line5 p29 makes illegal reference to pp28   Zero substituted
swrite: output, sect1 line5 p32 makes illegal reference to pp31   Zero substituted
swrite: output, sect1 line5 p35 makes illegal reference to pp34   Zero substituted
swrite: output, sect1 line5 p38 makes illegal reference to pp37   Zero substituted
swrite: output, sect1 line5 p41 makes illegal reference to pp40   Zero substituted
	... done
Elapsed time at end of score sort: real: 0.019s, CPU: 0.019s
graphics suppressed, ascii substituted
0dBFS level = 1.0
ftable 101:
ftable 101:	16384 points, scalemax 1.000
               _--'''''--_
            _-'           '-_
          _-                 -_
         .                     .
       _'                       '_
      -                           -
    _'                             '_
   .                                 .
  -                                   -
_'_____________________________________'________________________________________
                                        '_                                     .
                                          .                                   .
                                           -                                 -
                                            '_                             _'
                                              .                           -
                                               -_                       _'
                                                 .                     -
                                                  '.                 .'
                                                    '._           _-'
                                                       -.._____.-'
ftable 102:
ftable 102:	4096 points, scalemax 0.500
                                                            ___________________
                                                          .'
                                                        .'
                                                      .'
                                                    .'
                                                  .'
                                                .'
                                              .'
                                            .'
                                          .'
________________________________________.'_____________________________________
                                      .'
                                    .'
                                  .'
                                .'
                              _-
                            _-
                          _-
                        _-
                      _-
_____________________-
ftable 103:
ftable 103:	4096 points, scalemax 0.500
                                                            ___________________
                                                          .'
                                                        .'
                                                      .'
                                                    .'
                                                  .'
                                                .'
                                              .'
                                            .'
                                          .'
________________________________________.'_____________________________________
                                      .'
                                    .'
                                  .'
                                .'
                              _-
                            _-
                          _-
                        _-
                      _-
_____________________-
orch now loaded
audio buffered in 256 sample-frame blocks
ALSA: -B 1024 not allowed on this device; using 2048 instead
ALSA: -b 256 not allowed on this device; using 1024 instead
ALSA output: total buffer size: 2048, period size: 1024
writing 512 sample blks of 64-bit floats to dac
SECTION 1:
new alloc for instr electro:
new alloc for instr output:
new alloc for instr electro:
new alloc for instr electro:
B  0.000 ..  0.750 T  0.500 TT  0.500 M:  0.50312  0.50312
B  0.750 ..  1.250 T  0.833 TT  0.833 M:  0.79166  0.79166
B  1.250 ..  2.000 T  1.333 TT  1.333 M:  0.66937  0.66937
B  2.000 ..  2.750 T  1.833 TT  1.833 M:  0.73665  0.73665
B  2.750 ..  3.250 T  2.167 TT  2.167 M:  0.57305  0.57305
B  3.250 ..  4.000 T  2.667 TT  2.667 M:  0.62564  0.62564
B  4.000 ..  4.750 T  3.167 TT  3.167 M:  0.52580  0.52580
B  4.750 ..  5.250 T  3.500 TT  3.500 M:  0.51646  0.51646
B  5.250 ..  6.000 T  4.000 TT  4.000 M:  0.56719  0.56719
B  6.000 ..  6.750 T  4.500 TT  4.500 M:  0.81070  0.81070
B  6.750 ..  7.250 T  4.833 TT  4.833 M:  0.60221  0.60221
B  7.250 ..  8.000 T  5.333 TT  5.333 M:  0.67526  0.67526
B  8.000 ..  8.750 T  5.833 TT  5.833 M:  0.68457  0.68457
B  8.750 ..  9.250 T  6.167 TT  6.167 M:  0.64179  0.64179
B  9.250 .. 10.000 T  6.667 TT  6.667 M:  0.62925  0.62925
B 10.000 .. 10.750 T  7.167 TT  7.167 M:  0.85651  0.85651
B 10.750 .. 11.250 T  7.500 TT  7.500 M:  0.58438  0.58438
B 11.250 .. 12.000 T  8.000 TT  8.000 M:  0.71014  0.71014
B 12.000 .. 12.750 T  8.500 TT  8.500 M:  0.70806  0.70806
B 12.750 .. 13.250 T  8.833 TT  8.833 M:  0.57033  0.57033
B 13.250 .. 14.000 T  9.333 TT  9.333 M:  0.69465  0.69465
B 14.000 .. 14.750 T  9.833 TT  9.833 M:  0.72497  0.72497
B 14.750 .. 15.250 T 10.167 TT 10.167 M:  0.63257  0.63257
B 15.250 .. 16.000 T 10.667 TT 10.667 M:  0.67525  0.67525
B 16.000 .. 16.750 T 11.167 TT 11.167 M:  0.56306  0.56306
B 16.750 .. 17.250 T 11.500 TT 11.500 M:  0.49569  0.49569
B 17.250 .. 18.000 T 12.000 TT 12.000 M:  0.70972  0.70972
B 18.000 .. 18.750 T 12.500 TT 12.500 M:  0.68703  0.68703
B 18.750 .. 19.250 T 12.833 TT 12.833 M:  0.61957  0.61957
B 19.250 .. 20.000 T 13.333 TT 13.333 M:  0.81709  0.81709
B 20.000 .. 20.750 T 13.833 TT 13.833 M:  0.76908  0.76908
B 20.750 .. 21.250 T 14.167 TT 14.167 M:  0.60461  0.60461
B 21.250 .. 22.000 T 14.667 TT 14.667 M:  0.56824  0.56824
B 22.000 .. 22.750 T 15.167 TT 15.167 M:  0.64662  0.64662
B 22.750 .. 23.250 T 15.500 TT 15.500 M:  0.60910  0.60910
B 23.250 .. 24.000 T 16.000 TT 16.000 M:  0.60986  0.60986
B 24.000 .. 24.750 T 16.500 TT 16.500 M:  0.77730  0.77730
B 24.750 .. 25.250 T 16.833 TT 16.833 M:  0.65628  0.65628
B 25.250 .. 26.000 T 17.333 TT 17.333 M:  0.84231  0.84231
B 26.000 .. 26.750 T 17.833 TT 17.833 M:  0.72661  0.72661
B 26.750 .. 27.250 T 18.167 TT 18.167 M:  0.71767  0.71767
B 27.250 .. 28.000 T 18.667 TT 18.667 M:  0.60906  0.60906
B 28.000 .. 28.750 T 19.167 TT 19.167 M:  0.67492  0.67492
B 28.750 .. 29.250 T 19.500 TT 19.500 M:  0.60447  0.60447
B 29.250 .. 30.000 T 20.000 TT 20.000 M:  0.61421  0.61421
B 30.000 .. 30.750 T 20.500 TT 20.500 M:  0.70386  0.70386
B 30.750 .. 31.250 T 20.833 TT 20.833 M:  0.64264  0.64264
B 31.250 .. 32.000 T 21.333 TT 21.333 M:  0.52736  0.52736
B 32.000 .. 32.750 T 21.833 TT 21.833 M:  0.73311  0.73311
B 32.750 .. 33.250 T 22.167 TT 22.167 M:  0.66699  0.66699
B 33.250 .. 34.000 T 22.667 TT 22.667 M:  0.58731  0.58731
B 34.000 .. 34.750 T 23.167 TT 23.167 M:  0.59675  0.59675
B 34.750 .. 35.250 T 23.500 TT 23.500 M:  0.71851  0.71851
inactive allocs returned to freespace
end of score.		   overall amps:  0.85651  0.85651
	   overall samples out of range:        0        0
0 errors in performance
Elapsed time at end of performance: real: 23.650s, CPU: 1.592s
4441 512 sample blks of 64-bit floats written to dac
