0dBFS level = 32768.0
--Csound version 6.14 (double samples) 2020-11-20
[commit: none]
libsndfile-1.0.31
UnifiedCSD:  /home/faddy/studio/music/example/theExampleBand.csd
STARTING FILE
Creating options
Creating orchestra
closing tag
Creating score
rtaudio: ALSA module enabled
rtmidi: ALSA Raw MIDI module enabled
instr tabla uses instrument number 4
instr electro uses instrument number 5
instr horn uses instrument number 6
instr output uses instrument number 7
instr loopback uses instrument number 8
Elapsed time at end of orchestra compile: real: 0.012s, CPU: 0.012s
sorting score ...
Warp_factor = 4.000000
swrite: output, sect1 line2 p5 makes illegal reference to pp4   Zero substituted
swrite: output, sect1 line2 p8 makes illegal reference to pp7   Zero substituted
swrite: output, sect1 line2 p11 makes illegal reference to pp10   Zero substituted
swrite: output, sect1 line2 p14 makes illegal reference to pp13   Zero substituted
swrite: output, sect1 line2 p17 makes illegal reference to pp16   Zero substituted
swrite: output, sect1 line2 p20 makes illegal reference to pp19   Zero substituted
swrite: output, sect1 line2 p23 makes illegal reference to pp22   Zero substituted
swrite: output, sect1 line2 p26 makes illegal reference to pp25   Zero substituted
swrite: output, sect1 line2 p29 makes illegal reference to pp28   Zero substituted
swrite: output, sect1 line2 p32 makes illegal reference to pp31   Zero substituted
swrite: output, sect1 line2 p35 makes illegal reference to pp34   Zero substituted
swrite: output, sect1 line2 p38 makes illegal reference to pp37   Zero substituted
swrite: output, sect1 line2 p41 makes illegal reference to pp40   Zero substituted
	... done
Elapsed time at end of score sort: real: 0.034s, CPU: 0.034s
graphics suppressed, ascii substituted
0dBFS level = 1.0
ftable 101:
WARNING: /home/faddy/studio/music/prerequisites/marmstk1.wav sr = 22050, orch sr = 48000.0
audio sr = 22050, monaural
opening WAV infile /home/faddy/studio/music/prerequisites/marmstk1.wav
ftable 101:	256 points, scalemax 1.000
      _

           _



                    .
     _            .
   -      .    _           _             -      _
 -                       '      . - -  _    _        -
__._'____.______'_____-_______.____________-__.___.-___'________
             .       .         .   - .  .      _    .
                       '  ' .                '   -    _
                        '        .    .   '
              '  . .
            -

       _
        _
ftable 102:
ftable 102:	128 points, scalemax 1.000
                _
            _-'' ''-_
          .'         '.
        _-             -_
       .                 .
      -                   -
     -                     -
    '                       '
   '                         '
  '                           '
_'_____________________________'________________________________
                                 _                             _
                                  _                           _
                                   _                         _
                                    _                       _
                                     .                     .
                                      .                   .
                                       -                 -
                                        '.             .'
                                          -_         _-
                                            '._____.'
ftable 103:
ftable 103:	16384 points, scalemax 1.000
               _--'''''--_
            _-'           '-_
          _-                 -_
         .                     .
       _'                       '_
      -                           -
    _'                             '_
   .                                 .
  -                                   -
_'_____________________________________'________________________________________
                                        '_                                     .
                                          .                                   .
                                           -                                 -
                                            '_                             _'
                                              .                           -
                                               -_                       _'
                                                 .                     -
                                                  '.                 .'
                                                    '._           _-'
                                                       -.._____.-'
ftable 104:
ftable 104:	4096 points, scalemax 0.500
                                                            ___________________
                                                          .'
                                                        .'
                                                      .'
                                                    .'
                                                  .'
                                                .'
                                              .'
                                            .'
                                          .'
________________________________________.'_____________________________________
                                      .'
                                    .'
                                  .'
                                .'
                              _-
                            _-
                          _-
                        _-
                      _-
_____________________-
ftable 105:
ftable 105:	4096 points, scalemax 0.500
                                                            ___________________
                                                          .'
                                                        .'
                                                      .'
                                                    .'
                                                  .'
                                                .'
                                              .'
                                            .'
                                          .'
________________________________________.'_____________________________________
                                      .'
                                    .'
                                  .'
                                .'
                              _-
                            _-
                          _-
                        _-
                      _-
_____________________-
orch now loaded
audio buffered in 256 sample-frame blocks
ALSA: -B 1024 not allowed on this device; using 2048 instead
ALSA: -b 256 not allowed on this device; using 1024 instead
ALSA output: total buffer size: 2048, period size: 1024
writing 512 sample blks of 64-bit floats to dac
SECTION 1:
new alloc for instr electro:
new alloc for instr output:
B  0.000 ..  0.250 T  0.143 TT  0.143 M:  0.36432  0.36432
B  0.250 ..  0.500 T  0.285 TT  0.285 M:  0.29364  0.29364
B  0.500 ..  0.750 T  0.428 TT  0.428 M:  0.29063  0.29063
B  0.750 ..  1.000 T  0.572 TT  0.572 M:  0.33617  0.33617
B  1.000 ..  1.250 T  0.715 TT  0.715 M:  0.33466  0.33466
B  1.250 ..  1.500 T  0.857 TT  0.857 M:  0.32486  0.32486
B  1.500 ..  1.750 T  1.000 TT  1.000 M:  0.34890  0.34890
B  1.750 ..  2.000 T  1.143 TT  1.143 M:  0.33384  0.33384
B  2.000 ..  2.250 T  1.285 TT  1.285 M:  0.38626  0.38626
B  2.250 ..  2.500 T  1.428 TT  1.428 M:  0.35515  0.35515
B  2.500 ..  2.750 T  1.572 TT  1.572 M:  0.30549  0.30549
B  2.750 ..  3.000 T  1.715 TT  1.715 M:  0.26939  0.26939
inactive allocs returned to freespace
end of score.		   overall amps:  0.38626  0.38626
	   overall samples out of range:        0        0
0 errors in performance
Elapsed time at end of performance: real: 1.815s, CPU: 0.109s
343 512 sample blks of 64-bit floats written to dac
