0dBFS level = 32768.0
--Csound version 6.14 (double samples) 2020-11-20
[commit: none]
libsndfile-1.0.31
UnifiedCSD:  /home/faddy/studio/music/library/ahLao/AhLao.csd
STARTING FILE
Creating options
Creating orchestra
closing tag
Creating score
rtaudio: ALSA module enabled
rtmidi: ALSA Raw MIDI module enabled
instr output uses instrument number 7
instr loopback uses instrument number 8
Elapsed time at end of orchestra compile: real: 0.017s, CPU: 0.017s
sorting score ...
Warp_factor = 4.000000
swrite: output, sect1 line2 p5 makes illegal reference to pp4   Zero substituted
swrite: output, sect1 line2 p8 makes illegal reference to pp7   Zero substituted
swrite: output, sect1 line2 p11 makes illegal reference to pp10   Zero substituted
swrite: output, sect1 line2 p14 makes illegal reference to pp13   Zero substituted
swrite: output, sect1 line2 p17 makes illegal reference to pp16   Zero substituted
swrite: output, sect1 line2 p20 makes illegal reference to pp19   Zero substituted
swrite: output, sect1 line2 p23 makes illegal reference to pp22   Zero substituted
swrite: output, sect1 line2 p26 makes illegal reference to pp25   Zero substituted
swrite: output, sect1 line2 p29 makes illegal reference to pp28   Zero substituted
swrite: output, sect1 line2 p32 makes illegal reference to pp31   Zero substituted
swrite: output, sect1 line2 p35 makes illegal reference to pp34   Zero substituted
swrite: output, sect1 line2 p38 makes illegal reference to pp37   Zero substituted
swrite: output, sect1 line2 p41 makes illegal reference to pp40   Zero substituted
swrite: output, sect1 line2 p44 makes illegal reference to pp43   Zero substituted
swrite: output, sect1 line2 p47 makes illegal reference to pp46   Zero substituted
swrite: output, sect1 line2 p50 makes illegal reference to pp49   Zero substituted
swrite: output, sect1 line2 p53 makes illegal reference to pp52   Zero substituted
swrite: output, sect1 line2 p56 makes illegal reference to pp55   Zero substituted
swrite: output, sect1 line3 p5 makes illegal reference to pp4   Zero substituted
swrite: output, sect1 line3 p8 makes illegal reference to pp7   Zero substituted
swrite: output, sect1 line3 p11 makes illegal reference to pp10   Zero substituted
swrite: output, sect1 line3 p14 makes illegal reference to pp13   Zero substituted
swrite: output, sect1 line3 p17 makes illegal reference to pp16   Zero substituted
swrite: output, sect1 line3 p20 makes illegal reference to pp19   Zero substituted
swrite: output, sect1 line3 p23 makes illegal reference to pp22   Zero substituted
swrite: output, sect1 line3 p26 makes illegal reference to pp25   Zero substituted
swrite: output, sect1 line3 p29 makes illegal reference to pp28   Zero substituted
swrite: output, sect1 line3 p32 makes illegal reference to pp31   Zero substituted
swrite: output, sect1 line3 p35 makes illegal reference to pp34   Zero substituted
swrite: output, sect1 line3 p38 makes illegal reference to pp37   Zero substituted
swrite: output, sect1 line3 p41 makes illegal reference to pp40   Zero substituted
swrite: output, sect1 line3 p44 makes illegal reference to pp43   Zero substituted
swrite: output, sect1 line3 p47 makes illegal reference to pp46   Zero substituted
swrite: output, sect1 line3 p50 makes illegal reference to pp49   Zero substituted
swrite: output, sect1 line3 p53 makes illegal reference to pp52   Zero substituted
swrite: output, sect1 line3 p56 makes illegal reference to pp55   Zero substituted
swrite: output, sect1 line4 p5 makes illegal reference to pp4   Zero substituted
swrite: output, sect1 line4 p8 makes illegal reference to pp7   Zero substituted
swrite: output, sect1 line4 p11 makes illegal reference to pp10   Zero substituted
swrite: output, sect1 line4 p14 makes illegal reference to pp13   Zero substituted
swrite: output, sect1 line4 p17 makes illegal reference to pp16   Zero substituted
swrite: output, sect1 line4 p20 makes illegal reference to pp19   Zero substituted
swrite: output, sect1 line4 p23 makes illegal reference to pp22   Zero substituted
swrite: output, sect1 line4 p26 makes illegal reference to pp25   Zero substituted
swrite: output, sect1 line4 p29 makes illegal reference to pp28   Zero substituted
swrite: output, sect1 line4 p32 makes illegal reference to pp31   Zero substituted
swrite: output, sect1 line4 p35 makes illegal reference to pp34   Zero substituted
swrite: output, sect1 line4 p38 makes illegal reference to pp37   Zero substituted
swrite: output, sect1 line4 p41 makes illegal reference to pp40   Zero substituted
swrite: output, sect1 line4 p44 makes illegal reference to pp43   Zero substituted
swrite: output, sect1 line4 p47 makes illegal reference to pp46   Zero substituted
swrite: output, sect1 line4 p50 makes illegal reference to pp49   Zero substituted
swrite: output, sect1 line4 p53 makes illegal reference to pp52   Zero substituted
swrite: output, sect1 line4 p56 makes illegal reference to pp55   Zero substituted
	... done
Elapsed time at end of score sort: real: 0.116s, CPU: 0.116s
graphics suppressed, ascii substituted
0dBFS level = 1.0
orch now loaded
audio buffered in 256 sample-frame blocks
ALSA: -B 1024 not allowed on this device; using 2048 instead
ALSA: -b 256 not allowed on this device; using 1024 instead
ALSA output: total buffer size: 2048, period size: 1024
writing 512 sample blks of 64-bit floats to dac
SECTION 1:
new alloc for instr 3:
new alloc for instr 6:
new alloc for instr 6:
new alloc for instr output:
B  0.000 ..  0.250 T  0.167 TT  0.167 M:  0.48067  0.48067
B  0.250 ..  0.500 T  0.333 TT  0.333 M:  0.29367  0.29367
B  0.500 ..  0.750 T  0.500 TT  0.500 M:  0.49741  0.49741
B  0.750 ..  1.000 T  0.667 TT  0.667 M:  0.29376  0.29376
B  1.000 ..  1.500 T  1.000 TT  1.000 M:  0.35518  0.35518
B  1.500 ..  2.000 T  1.333 TT  1.333 M:  0.37880  0.37880
B  2.000 ..  2.500 T  1.667 TT  1.667 M:  0.35302  0.35302
B  2.500 ..  3.000 T  2.000 TT  2.000 M:  0.34420  0.34420
B  3.000 ..  3.500 T  2.333 TT  2.333 M:  0.33125  0.33125
B  3.500 ..  4.000 T  2.667 TT  2.667 M:  0.32642  0.32642
B  4.000 ..  4.500 T  3.000 TT  3.000 M:  0.30293  0.30293
B  4.500 ..  5.000 T  3.333 TT  3.333 M:  0.36817  0.36817
B  5.000 ..  5.250 T  3.500 TT  3.500 M:  0.29036  0.29036
B  5.250 ..  5.500 T  3.667 TT  3.667 M:  0.36116  0.36116
B  5.500 ..  5.750 T  3.833 TT  3.833 M:  0.29305  0.29305
B  5.750 ..  6.000 T  4.000 TT  4.000 M:  0.37958  0.37958
B  6.000 ..  6.500 T  4.333 TT  4.333 M:  0.28845  0.28845
B  6.500 ..  7.000 T  4.667 TT  4.667 M:  0.33824  0.33824
B  7.000 ..  7.250 T  4.833 TT  4.833 M:  0.31132  0.31132
B  7.250 ..  7.500 T  5.000 TT  5.000 M:  0.27981  0.27981
B  7.500 ..  7.750 T  5.167 TT  5.167 M:  0.32220  0.32220
B  7.750 ..  8.000 T  5.333 TT  5.333 M:  0.31464  0.31464
B  8.000 ..  8.250 T  5.500 TT  5.500 M:  0.39714  0.39714
B  8.250 ..  8.500 T  5.667 TT  5.667 M:  0.20766  0.20766
B  8.500 ..  8.750 T  5.833 TT  5.833 M:  0.39431  0.39431
B  8.750 ..  9.000 T  6.000 TT  6.000 M:  0.20531  0.20531
B  9.000 ..  9.500 T  6.333 TT  6.333 M:  0.28754  0.28754
B  9.500 .. 10.000 T  6.667 TT  6.667 M:  0.33475  0.33475
B 10.000 .. 10.500 T  7.000 TT  7.000 M:  0.29690  0.29690
B 10.500 .. 11.000 T  7.333 TT  7.333 M:  0.35577  0.35577
B 11.000 .. 11.250 T  7.500 TT  7.500 M:  0.30499  0.30499
B 11.250 .. 11.500 T  7.667 TT  7.667 M:  0.45040  0.45040
B 11.500 .. 11.750 T  7.833 TT  7.833 M:  0.37376  0.37376
B 11.750 .. 12.000 T  8.000 TT  8.000 M:  0.35219  0.35219
B 12.000 .. 12.250 T  8.167 TT  8.167 M:  0.31675  0.31675
B 12.250 .. 12.500 T  8.333 TT  8.333 M:  0.43658  0.43658
B 12.500 .. 12.750 T  8.500 TT  8.500 M:  0.37265  0.37265
B 12.750 .. 13.000 T  8.667 TT  8.667 M:  0.32293  0.32293
B 13.000 .. 13.250 T  8.833 TT  8.833 M:  0.33947  0.33947
B 13.250 .. 13.500 T  9.000 TT  9.000 M:  0.36443  0.36443
inactive allocs returned to freespace
end of score.		   overall amps:  0.49741  0.49741
	   overall samples out of range:        0        0
0 errors in performance
Elapsed time at end of performance: real: 9.219s, CPU: 0.485s
1713 512 sample blks of 64-bit floats written to dac
